{
  "status": "pass",
  "gate": {
    "target_coverage_median_ge_0_50": true,
    "low_coverage_episode_ratio_le_0_50": true,
    "target_box_loss_available": true,
    "target_dfl_loss_available": true,
    "non_target_valid_class_available": true,
    "diagnostic_schema_complete": true,
    "base_hash_unchanged": true
  },
  "tal_summary": {
    "episode_count": 3,
    "target_coverage_definition": "poison target positive units / max(reference target positive units, 1)",
    "target_coverage_median": 1.0,
    "target_coverage_min": 1.0,
    "target_assignment_overlap_definition": "Jaccard(reference target units, poison target units)",
    "target_assignment_overlap_median": 1.0,
    "low_coverage_episode_count": 0,
    "low_coverage_episode_ratio": 0.0,
    "real_tal": true,
    "proxy_fallback": false
  },
  "box_dfl_summary": {
    "target_box_loss_available": true,
    "target_dfl_loss_available": true,
    "target_box_loss_median": 1.544334888458252,
    "target_dfl_loss_median": 1.2283762693405151,
    "valid_non_target_class_ids": [
      1,
      11,
      12
    ],
    "valid_non_target_class_count": 3,
    "fixed_reference_box_dfl": true
  },
  "runtime_seconds": 3.0070041000144556,
  "command": "F:\\autodl-tmp - \u526f\u672c\\ue_project\\oa_lgc\\yolo_diagnostics_smoke.py --config configs/oa_lgc/cloud/c2_yolo_diagnostics.yaml --output artifacts/oa_lgc/cloud/20260714_144529_C2_0"
}
