[launch_one] method= tausb_mask
[launch_one] steps= 40
[launch_one] seed= 0
[launch_one] stage= generate_poisoned_dataset
[launch_one] run_root= /root/autodl-tmp/ue_project/runs_legacy_bandfreq_full
[launch_one] artifact_root= /root/autodl-tmp/ue_project/runs_legacy_bandfreq_full/artifacts/tausb_mask/steps40/seed0
[launch_one] poisoned_root= /root/autodl-tmp/ue_project/runs_legacy_bandfreq_full/poisoned_datasets/tausb_mask/steps40/seed0
[launch_one] resume= False
[TAUSB] training global universal params ...

🔬 [Mask Space Diagnostics] (Mid-range Annulus)
   Target Inner Sum: 587330.0
   Target Ring Sum: 114232.0
   Non-Target Core Sum: 552385.0
   Local Ctx Annulus Sum: 290794.0
   Final M_conf Sum: 249382.0
   ----------------------------------
   ⚠️ Removed by Non-Target Objects: 41412.0
   ⚠️ Removed by Ring (Should be 0 now): 0.0
   🔥 Raw Purity Ratio: 85.76%
   rlcp_core_exclusion_ratio: 14.24%
   context_mode: adaptive
   rlcp_adaptive_inner_mean: 13.490
   rlcp_adaptive_outer_mean: 31.916
   rlcp_adaptive_inner_min: 8.000
   rlcp_adaptive_outer_max: 36.000
   rlcp_adaptive_inner_max: 16.000
   rlcp_adaptive_outer_min: 24.000

======================================================================
🎯 [STRICT AL-SVC PROBE] Intercepted Real TAL Assigner Outputs
======================================================================
  - target_labels  : shape=(16, 8400), dtype=torch.int64, min=1.00, max=15.00
  - target_scores  : shape=(16, 8400, 20), dtype=torch.float32, min=0.00, max=1.00
  - fg_mask        : shape=(16, 8400), dtype=torch.bool, min=0.00, max=1.00
  - target_gt_idx  : shape=(16, 8400), dtype=torch.int64, min=0.00, max=7.00
======================================================================


🔬 [Sanity Check 1] fg positives: 568
🔬 [Sanity Check 1] strict target positives: 348
🔬 [Sanity Check 1] pag positives: 176 (ratio=50.57%, threshold=0.7805, mean_target_score=0.7686)
🔬 [PAG Layer Stats]
   model.15: strict=54 -> pag=39 (ratio=72.22%)
   model.18: strict=92 -> pag=56 (ratio=60.87%)
   model.21: strict=202 -> pag=81 (ratio=40.10%)
🔬 [Sanity Check 2&3 - model.15]
   M_topology sum: 14340.4
   M_assign_2d sum: 39.0
   M_AL sum: 33.9
   rlcp_conf_mass: 6136.1
   rlcp_trim_keep_ratio: 80.61%
   rlcp_core_exclusion_ratio: 14.14%
   confounder_purity_ratio: 85.78%
   overlap ratio: 87.05%
🔬 [Sanity Check 2&3 - model.18]
   M_topology sum: 3584.7
   M_assign_2d sum: 56.0
   M_AL sum: 52.8
   rlcp_conf_mass: 1525.3
   rlcp_trim_keep_ratio: 86.04%
   rlcp_core_exclusion_ratio: 13.97%
   confounder_purity_ratio: 85.83%
   overlap ratio: 94.27%
🔬 [Sanity Check 2&3 - model.21]
   M_topology sum: 896.9
   M_assign_2d sum: 81.0
   M_AL sum: 79.0
   rlcp_conf_mass: 382.4
   rlcp_trim_keep_ratio: 83.26%
   rlcp_core_exclusion_ratio: 14.00%
   confounder_purity_ratio: 85.83%
   overlap ratio: 97.47%

🔬 [DSNP-lite Diagnostics]
   L_margin: 0.000000
   margin_clean_mean: 0.475873
   margin_adv_mean: 0.475873
  -> [Visualizer] 调试图像已保存至: /root/autodl-tmp/ue_project/runs_legacy_bandfreq_full/artifacts/tausb_mask/steps40/seed0/logs/vis_debug/debug_epoch_0_step_0.png
[ALSD-ALCE][epoch 1/40] L_ent=3.4077 L_anchor=0.7865 L_flat=0.1758 L_margin=0.0150 ALSI=1330020.54 Purity=87.52% PAG=53.44% Sat=9.26% Max_D=0.0627 Freq=explore FAct=16 FCand=64 FScoreTop=9.832e-01
[ALSD-ALCE][epoch 2/40] L_ent=3.2640 L_anchor=0.8453 L_flat=0.1710 L_margin=0.0163 ALSI=1288810.78 Purity=87.49% PAG=53.46% Sat=9.95% Max_D=0.0627 Freq=explore FAct=16 FCand=64 FScoreTop=9.270e-01
[ALSD-ALCE][epoch 3/40] L_ent=3.2528 L_anchor=0.8833 L_flat=0.1706 L_margin=0.0164 ALSI=1355766.71 Purity=87.49% PAG=53.45% Sat=10.22% Max_D=0.0627 Freq=explore FAct=16 FCand=64 FScoreTop=9.108e-01
[ALSD-ALCE][epoch 4/40] L_ent=3.2222 L_anchor=0.8987 L_flat=0.1719 L_margin=0.0166 ALSI=1286529.30 Purity=87.48% PAG=53.51% Sat=10.41% Max_D=0.0627 Freq=explore FAct=16 FCand=64 FScoreTop=9.138e-01
[BandAwareFreq] selected active basis:
  candidate_num=64
  active_num=16
  active_quota: low=1 mid=13 high=2
  selected_low_idx=[0]
  selected_mid_idx=[16, 17, 18, 19, 20, 21, 22, 23, 24, 43, 44, 45, 46]
  selected_high_idx=[48, 49]
  selected_low_coords=[[633, 0]]
  selected_mid_coords=[[630, 638], [13, 625], [626, 630], [635, 19], [630, 7], [8, 625], [16, 636], [6, 12], [636, 628], [627, 622], [0, 629], [5, 629], [636, 14]]
  selected_high_coords=[[633, 608], [0, 33]]
  score_mean_low=8.957815e-01
  score_mean_mid=6.934589e-01
  score_mean_high=8.410671e-01
  score_top_mean_low=1.020061e+00
  score_top_mean_mid=8.984793e-01
  score_top_mean_high=9.985008e-01
[ALSD-ALCE][epoch 5/40] L_ent=3.2206 L_anchor=0.9133 L_flat=0.1689 L_margin=0.0170 ALSI=1375092.38 Purity=87.50% PAG=53.47% Sat=10.62% Max_D=0.0627 Freq=explore FAct=16 FCand=64 FScoreTop=9.186e-01
  -> [Visualizer] 调试图像已保存至: /root/autodl-tmp/ue_project/runs_legacy_bandfreq_full/artifacts/tausb_mask/steps40/seed0/logs/vis_debug/debug_epoch_5_step_1905.png
[ALSD-ALCE][epoch 6/40] L_ent=3.4433 L_anchor=0.7605 L_flat=0.1766 L_margin=0.0160 ALSI=1328445.56 Purity=87.50% PAG=53.49% Sat=10.74% Max_D=0.0627 Freq=fixed_topk FAct=16 FCand=64 FScoreTop=9.186e-01
[ALSD-ALCE][epoch 7/40] L_ent=3.2881 L_anchor=0.8596 L_flat=0.1718 L_margin=0.0170 ALSI=1387895.70 Purity=87.51% PAG=53.46% Sat=11.17% Max_D=0.0627 Freq=fixed_topk FAct=16 FCand=64 FScoreTop=9.186e-01
[ALSD-ALCE][epoch 8/40] L_ent=3.2713 L_anchor=0.8866 L_flat=0.1707 L_margin=0.0175 ALSI=1426481.87 Purity=87.48% PAG=53.40% Sat=11.31% Max_D=0.0627 Freq=fixed_topk FAct=16 FCand=64 FScoreTop=9.186e-01
[ALSD-ALCE][epoch 9/40] L_ent=3.2530 L_anchor=0.8925 L_flat=0.1721 L_margin=0.0175 ALSI=1376516.25 Purity=87.49% PAG=53.46% Sat=11.48% Max_D=0.0627 Freq=fixed_topk FAct=16 FCand=64 FScoreTop=9.186e-01
[ALSD-ALCE][epoch 10/40] L_ent=3.2420 L_anchor=0.8870 L_flat=0.1714 L_margin=0.0176 ALSI=1310514.84 Purity=87.51% PAG=53.48% Sat=11.58% Max_D=0.0627 Freq=fixed_topk FAct=16 FCand=64 FScoreTop=9.186e-01
  -> [Visualizer] 调试图像已保存至: /root/autodl-tmp/ue_project/runs_legacy_bandfreq_full/artifacts/tausb_mask/steps40/seed0/logs/vis_debug/debug_epoch_10_step_3810.png
[ALSD-ALCE][epoch 11/40] L_ent=3.2437 L_anchor=0.8889 L_flat=0.1711 L_margin=0.0178 ALSI=1307418.66 Purity=87.53% PAG=53.41% Sat=11.62% Max_D=0.0627 Freq=fixed_topk FAct=16 FCand=64 FScoreTop=9.186e-01
[ALSD-ALCE][epoch 12/40] L_ent=3.2204 L_anchor=0.9074 L_flat=0.1704 L_margin=0.0180 ALSI=1313293.46 Purity=87.55% PAG=53.47% Sat=11.76% Max_D=0.0627 Freq=fixed_topk FAct=16 FCand=64 FScoreTop=9.186e-01
[ALSD-ALCE][epoch 13/40] L_ent=3.2062 L_anchor=0.9095 L_flat=0.1698 L_margin=0.0180 ALSI=1297498.62 Purity=87.55% PAG=53.50% Sat=11.81% Max_D=0.0627 Freq=fixed_topk FAct=16 FCand=64 FScoreTop=9.186e-01
[ALSD-ALCE][epoch 14/40] L_ent=3.2092 L_anchor=0.9271 L_flat=0.1674 L_margin=0.0180 ALSI=1310388.76 Purity=87.51% PAG=53.40% Sat=11.94% Max_D=0.0627 Freq=fixed_topk FAct=16 FCand=64 FScoreTop=9.186e-01
[ALSD-ALCE][epoch 15/40] L_ent=3.1933 L_anchor=0.9292 L_flat=0.1690 L_margin=0.0183 ALSI=1301328.37 Purity=87.45% PAG=53.42% Sat=11.97% Max_D=0.0627 Freq=fixed_topk FAct=16 FCand=64 FScoreTop=9.186e-01
  -> [Visualizer] 调试图像已保存至: /root/autodl-tmp/ue_project/runs_legacy_bandfreq_full/artifacts/tausb_mask/steps40/seed0/logs/vis_debug/debug_epoch_15_step_5715.png
[ALSD-ALCE][epoch 16/40] L_ent=3.2015 L_anchor=0.9258 L_flat=0.1699 L_margin=0.0182 ALSI=1385645.47 Purity=87.51% PAG=53.45% Sat=12.01% Max_D=0.0627 Freq=fixed_topk FAct=16 FCand=64 FScoreTop=9.186e-01
[ALSD-ALCE][epoch 17/40] L_ent=3.1835 L_anchor=0.9306 L_flat=0.1702 L_margin=0.0184 ALSI=1256676.85 Purity=87.46% PAG=53.49% Sat=12.09% Max_D=0.0627 Freq=fixed_topk FAct=16 FCand=64 FScoreTop=9.186e-01
[ALSD-ALCE][epoch 18/40] L_ent=3.1612 L_anchor=0.9325 L_flat=0.1703 L_margin=0.0184 ALSI=1240555.70 Purity=87.49% PAG=53.45% Sat=12.23% Max_D=0.0627 Freq=fixed_topk FAct=16 FCand=64 FScoreTop=9.186e-01
[ALSD-ALCE][epoch 19/40] L_ent=3.1662 L_anchor=0.9444 L_flat=0.1707 L_margin=0.0187 ALSI=1263151.85 Purity=87.45% PAG=53.48% Sat=12.34% Max_D=0.0627 Freq=fixed_topk FAct=16 FCand=64 FScoreTop=9.186e-01
[ALSD-ALCE][epoch 20/40] L_ent=3.1554 L_anchor=0.9575 L_flat=0.1696 L_margin=0.0184 ALSI=1266844.36 Purity=87.48% PAG=53.43% Sat=12.41% Max_D=0.0627 Freq=fixed_topk FAct=16 FCand=64 FScoreTop=9.186e-01
  -> [Visualizer] 调试图像已保存至: /root/autodl-tmp/ue_project/runs_legacy_bandfreq_full/artifacts/tausb_mask/steps40/seed0/logs/vis_debug/debug_epoch_20_step_7620.png
[ALSD-ALCE][epoch 21/40] L_ent=3.1423 L_anchor=0.9656 L_flat=0.1669 L_margin=0.0187 ALSI=1332204.36 Purity=87.54% PAG=53.51% Sat=12.45% Max_D=0.0627 Freq=fixed_topk FAct=16 FCand=64 FScoreTop=9.186e-01
[ALSD-ALCE][epoch 22/40] L_ent=3.1304 L_anchor=0.9524 L_flat=0.1689 L_margin=0.0186 ALSI=1319875.30 Purity=87.49% PAG=53.45% Sat=12.52% Max_D=0.0627 Freq=fixed_topk FAct=16 FCand=64 FScoreTop=9.186e-01
[ALSD-ALCE][epoch 23/40] L_ent=3.1270 L_anchor=0.9772 L_flat=0.1673 L_margin=0.0187 ALSI=1309883.31 Purity=87.55% PAG=53.50% Sat=12.49% Max_D=0.0627 Freq=fixed_topk FAct=16 FCand=64 FScoreTop=9.186e-01
[ALSD-ALCE][epoch 24/40] L_ent=3.1290 L_anchor=0.9624 L_flat=0.1682 L_margin=0.0188 ALSI=1347316.18 Purity=87.52% PAG=53.49% Sat=12.50% Max_D=0.0627 Freq=fixed_topk FAct=16 FCand=64 FScoreTop=9.186e-01
[ALSD-ALCE][epoch 25/40] L_ent=3.1376 L_anchor=0.9589 L_flat=0.1689 L_margin=0.0189 ALSI=1303761.08 Purity=87.55% PAG=53.39% Sat=12.51% Max_D=0.0627 Freq=fixed_topk FAct=16 FCand=64 FScoreTop=9.186e-01
  -> [Visualizer] 调试图像已保存至: /root/autodl-tmp/ue_project/runs_legacy_bandfreq_full/artifacts/tausb_mask/steps40/seed0/logs/vis_debug/debug_epoch_25_step_9525.png
[ALSD-ALCE][epoch 26/40] L_ent=3.1291 L_anchor=0.9717 L_flat=0.1696 L_margin=0.0191 ALSI=1362610.90 Purity=87.50% PAG=53.50% Sat=12.54% Max_D=0.0627 Freq=fixed_topk FAct=16 FCand=64 FScoreTop=9.186e-01
[ALSD-ALCE][epoch 27/40] L_ent=3.1225 L_anchor=0.9627 L_flat=0.1677 L_margin=0.0190 ALSI=1332709.08 Purity=87.51% PAG=53.49% Sat=12.56% Max_D=0.0627 Freq=fixed_topk FAct=16 FCand=64 FScoreTop=9.186e-01
[ALSD-ALCE][epoch 28/40] L_ent=3.1176 L_anchor=0.9726 L_flat=0.1686 L_margin=0.0186 ALSI=1281291.42 Purity=87.48% PAG=53.39% Sat=12.57% Max_D=0.0627 Freq=fixed_topk FAct=16 FCand=64 FScoreTop=9.186e-01
[ALSD-ALCE][epoch 29/40] L_ent=3.1225 L_anchor=0.9629 L_flat=0.1676 L_margin=0.0190 ALSI=1332759.54 Purity=87.56% PAG=53.50% Sat=12.54% Max_D=0.0627 Freq=fixed_topk FAct=16 FCand=64 FScoreTop=9.186e-01
[ALSD-ALCE][epoch 30/40] L_ent=3.1205 L_anchor=0.9626 L_flat=0.1675 L_margin=0.0187 ALSI=1288310.26 Purity=87.45% PAG=53.48% Sat=12.64% Max_D=0.0627 Freq=fixed_topk FAct=16 FCand=64 FScoreTop=9.186e-01
  -> [Visualizer] 调试图像已保存至: /root/autodl-tmp/ue_project/runs_legacy_bandfreq_full/artifacts/tausb_mask/steps40/seed0/logs/vis_debug/debug_epoch_30_step_11430.png
[ALSD-ALCE][epoch 31/40] L_ent=3.1276 L_anchor=0.9799 L_flat=0.1670 L_margin=0.0193 ALSI=1415303.72 Purity=87.50% PAG=53.47% Sat=12.55% Max_D=0.0627 Freq=fixed_topk FAct=16 FCand=64 FScoreTop=9.186e-01
[ALSD-ALCE][epoch 32/40] L_ent=3.1232 L_anchor=0.9783 L_flat=0.1680 L_margin=0.0193 ALSI=1348131.49 Purity=87.48% PAG=53.49% Sat=12.57% Max_D=0.0627 Freq=fixed_topk FAct=16 FCand=64 FScoreTop=9.186e-01
[ALSD-ALCE][epoch 33/40] L_ent=3.1158 L_anchor=0.9900 L_flat=0.1675 L_margin=0.0188 ALSI=1255493.16 Purity=87.48% PAG=53.46% Sat=12.60% Max_D=0.0627 Freq=fixed_topk FAct=16 FCand=64 FScoreTop=9.186e-01
[ALSD-ALCE][epoch 34/40] L_ent=3.1155 L_anchor=0.9804 L_flat=0.1689 L_margin=0.0187 ALSI=1296907.53 Purity=87.52% PAG=53.49% Sat=12.57% Max_D=0.0627 Freq=fixed_topk FAct=16 FCand=64 FScoreTop=9.186e-01
[ALSD-ALCE][epoch 35/40] L_ent=3.1026 L_anchor=0.9811 L_flat=0.1686 L_margin=0.0190 ALSI=1295218.77 Purity=87.52% PAG=53.53% Sat=12.58% Max_D=0.0627 Freq=fixed_topk FAct=16 FCand=64 FScoreTop=9.186e-01
  -> [Visualizer] 调试图像已保存至: /root/autodl-tmp/ue_project/runs_legacy_bandfreq_full/artifacts/tausb_mask/steps40/seed0/logs/vis_debug/debug_epoch_35_step_13335.png
[ALSD-ALCE][epoch 36/40] L_ent=3.1091 L_anchor=0.9830 L_flat=0.1669 L_margin=0.0191 ALSI=1267580.53 Purity=87.52% PAG=53.39% Sat=12.57% Max_D=0.0627 Freq=fixed_topk FAct=16 FCand=64 FScoreTop=9.186e-01
[ALSD-ALCE][epoch 37/40] L_ent=3.1134 L_anchor=0.9669 L_flat=0.1682 L_margin=0.0191 ALSI=1270083.58 Purity=87.48% PAG=53.43% Sat=12.59% Max_D=0.0627 Freq=fixed_topk FAct=16 FCand=64 FScoreTop=9.186e-01
[ALSD-ALCE][epoch 38/40] L_ent=3.1151 L_anchor=0.9716 L_flat=0.1691 L_margin=0.0188 ALSI=1283463.52 Purity=87.49% PAG=53.49% Sat=12.56% Max_D=0.0627 Freq=fixed_topk FAct=16 FCand=64 FScoreTop=9.186e-01
[ALSD-ALCE][epoch 39/40] L_ent=3.1125 L_anchor=0.9805 L_flat=0.1692 L_margin=0.0187 ALSI=1336497.27 Purity=87.49% PAG=53.52% Sat=12.57% Max_D=0.0627 Freq=fixed_topk FAct=16 FCand=64 FScoreTop=9.186e-01
[ALSD-ALCE][epoch 40/40] L_ent=3.1154 L_anchor=0.9737 L_flat=0.1669 L_margin=0.0191 ALSI=1310203.09 Purity=87.48% PAG=53.44% Sat=12.62% Max_D=0.0627 Freq=fixed_topk FAct=16 FCand=64 FScoreTop=9.186e-01
[generate_poisoned_dataset] done: processed=16551/16551, method=tausb_mask, steps=40, seed=0
